\BOOKMARK [0][-]{chapter.1}{\376\377\000G\000I\036\332\000I\000\040\000T\000H\000I\036\306\000U\000\040\001\020\036\300\000\040\000T\000\300\000I}{}% 1
\BOOKMARK [1][-]{section.1.1}{\376\377\001\020\036\267\000t\000\040\000v\036\245\000n\000\040\001\021\036\301}{chapter.1}% 2
\BOOKMARK [1][-]{section.1.2}{\376\377\000M\036\345\000c\000\040\000t\000i\000\352\000u\000,\000\040\000p\000h\036\241\000m\000\040\000v\000i\000\040\000v\000\340\000\040\000g\000i\036\333\000i\000\040\000h\036\241\000n}{chapter.1}% 3
\BOOKMARK [2][-]{subsection.1.2.1}{\376\377\000M\036\345\000c\000\040\000t\000i\000\352\000u}{section.1.2}% 4
\BOOKMARK [2][-]{subsection.1.2.2}{\376\377\000P\000h\036\241\000m\000\040\000v\000i}{section.1.2}% 5
\BOOKMARK [2][-]{subsection.1.2.3}{\376\377\000G\000i\036\333\000i\000\040\000h\036\241\000n}{section.1.2}% 6
\BOOKMARK [1][-]{section.1.3}{\376\377\001\020\036\313\000n\000h\000\040\000h\001\260\036\333\000n\000g\000\040\000g\000i\036\243\000i\000\040\000p\000h\000\341\000p}{chapter.1}% 7
\BOOKMARK [1][-]{section.1.4}{\376\377\000B\036\321\000\040\000c\036\345\000c\000\040\001\021\036\323\000\040\000\341\000n}{chapter.1}% 8
\BOOKMARK [0][-]{chapter.2}{\376\377\000B\036\320\000I\000\040\000C\036\242\000N\000H\000\040\000V\000\300\000\040\001\020\036\300\000\040\000X\000U\036\244\000T\000\040\000G\000I\036\242\000I\000\040\000P\000H\000\301\000P}{}% 9
\BOOKMARK [1][-]{section.2.1}{\376\377\000Q\000u\000\341\000\040\000t\000r\000\354\000n\000h\000\040\000p\000h\000\341\000t\000\040\000t\000r\000i\036\303\000n\000\040\000c\036\347\000a\000\040\000U\000n\000i\000s\000w\000a\000p\000\040\000v\000\340\000\040\000c\000h\036\327\000\040\000c\000\362\000n\000\040\000t\000h\000i\036\277\000u}{chapter.2}% 10
\BOOKMARK [1][-]{section.2.2}{\376\377\000T\036\325\000n\000g\000\040\000q\000u\000a\000n\000\040\000h\036\307\000\040\000t\000h\036\321\000n\000g\000\040\000N\000e\000u\000t\000r\000o\000n\000X\000\040\000v\000\340\000\040\000m\000\364\000\040\000h\000\354\000n\000h\000\040\000l\036\307\000n\000h}{chapter.2}% 11
\BOOKMARK [1][-]{section.2.3}{\376\377\000K\000h\036\333\000p\000\040\000l\036\307\000n\000h\000\040\000t\036\353\000n\000g\000\040\000p\000h\036\247\000n\000\040\000t\000h\000e\000o\000\040\001\021\036\245\000u\000\040\000g\000i\000\341\000\040\000k\000i\036\303\000u\000\040\000H\000\340\000\040\000L\000a\000n}{chapter.2}% 12
\BOOKMARK [1][-]{section.2.4}{\376\377\001\020\036\267\000t\000\040\000c\036\315\000c\000\040\000v\000\340\000\040\000p\000h\036\241\000t}{chapter.2}% 13
\BOOKMARK [1][-]{section.2.5}{\376\377\000C\001\241\000\040\000c\000h\036\277\000\040\000d\036\361\000\040\000p\000h\000\362\000n\000g}{chapter.2}% 14
\BOOKMARK [1][-]{section.2.6}{\376\377\000G\000i\000a\000o\000\040\000d\036\313\000c\000h\000\040\000x\000u\000y\000\352\000n\000\040\000c\000h\000u\036\327\000i\000\040\000k\000h\000\364\000n\000g\000\040\000s\036\355\000\040\000d\036\345\000n\000g\000\040\000c\036\247\000u\000\040\000n\036\321\000i}{chapter.2}% 15
\BOOKMARK [1][-]{section.2.7}{\376\377\001\020\000\341\000n\000h\000\040\001\021\036\325\000i\000\040\000t\000r\000o\000n\000g\000\040\000t\000h\000i\036\277\000t\000\040\000k\036\277}{chapter.2}% 16
\BOOKMARK [0][-]{chapter.3}{\376\377\000T\000H\000I\036\276\000T\000\040\000K\036\276\000\040\000V\000\300\000\040\000H\000I\036\306\000N\000\040\000T\000H\036\360\000C\000\040\000H\036\342\000P\000\040\001\020\036\322\000N\000G\000\040\000T\000H\000\324\000N\000G\000\040\000M\000I\000N\000H}{}% 17
\BOOKMARK [1][-]{section.3.1}{\376\377\000K\000i\036\277\000n\000\040\000t\000r\000\372\000c\000\040\000t\036\325\000n\000g\000\040\000t\000h\036\303\000\040\000v\000\340\000\040\000l\000u\036\323\000n\000g\000\040\000g\000i\000a\000o\000\040\000d\036\313\000c\000h}{chapter.3}% 18
\BOOKMARK [1][-]{section.3.2}{\376\377\000M\000\364\000\040\000h\000\354\000n\000h\000\040\000d\036\357\000\040\000l\000i\036\307\000u\000\040\000l\036\307\000n\000h}{chapter.3}% 19
\BOOKMARK [1][-]{section.3.3}{\376\377\000H\036\343\000p\000\040\001\021\036\323\000n\000g\000\040\000P\000a\000r\000t\000i\000a\000l\000F\000i\000l\000l\000R\000e\000a\000c\000t\000o\000r}{chapter.3}% 20
\BOOKMARK [1][-]{section.3.4}{\376\377\000H\036\343\000p\000\040\001\021\036\323\000n\000g\000\040\000F\000i\000l\000l\000A\000u\000c\000t\000i\000o\000n}{chapter.3}% 21
\BOOKMARK [1][-]{section.3.5}{\376\377\000H\036\343\000p\000\040\001\021\036\323\000n\000g\000\040\000F\000a\000l\000l\000b\000a\000c\000k\000E\000x\000e\000c\000u\000t\000o\000r}{chapter.3}% 22
\BOOKMARK [1][-]{section.3.6}{\376\377\000C\000\341\000c\000\040\000h\036\343\000p\000\040\001\021\036\323\000n\000g\000\040\000c\000h\000o\000\040\000g\000i\000a\000o\000\040\000d\036\313\000c\000h\000\040\000x\000u\000y\000\352\000n\000\040\000c\000h\000u\036\327\000i}{chapter.3}% 23
\BOOKMARK [1][-]{section.3.7}{\376\377\000B\000a\000c\000k\000e\000n\000d\000\040\000v\000\340\000\040\000F\000r\000o\000n\000t\000e\000n\000d}{chapter.3}% 24
\BOOKMARK [0][-]{chapter.4}{\376\377\000K\000I\036\302\000M\000\040\000T\000H\036\354\000\040\000V\000\300\000\040\000R\000\300\000\040\000S\000O\000\301\000T\000\040\000B\036\242\000O\000\040\000M\036\254\000T}{}% 25
\BOOKMARK [1][-]{section.4.1}{\376\377\000P\000h\001\260\001\241\000n\000g\000\040\000p\000h\000\341\000p\000\040\000v\000\340\000\040\000m\000\364\000i\000\040\000t\000r\001\260\036\335\000n\000g\000\040\000k\000i\036\303\000m\000\040\000t\000h\036\355}{chapter.4}% 26
\BOOKMARK [1][-]{section.4.2}{\376\377\000K\036\277\000t\000\040\000q\000u\036\243\000\040\000k\000i\036\303\000m\000\040\000t\000h\036\355\000\040\000c\000h\036\351\000c\000\040\000n\001\003\000n\000g}{chapter.4}% 27
\BOOKMARK [1][-]{section.4.3}{\376\377\000K\000i\036\303\000m\000\040\000t\000h\036\355\000\040\001\021\036\321\000i\000\040\000k\000h\000\341\000n\000g\000,\000\040\000b\036\245\000t\000\040\000b\000i\036\277\000n\000\040\000v\000\340\000\040\000s\000i\000n\000h\000\040\000n\000g\036\253\000u\000\040\000n\000h\000i\000\352\000n}{chapter.4}% 28
\BOOKMARK [1][-]{section.4.4}{\376\377\000R\000\340\000\040\000s\000o\000\341\000t\000\040\000b\036\243\000o\000\040\000m\036\255\000t}{chapter.4}% 29
\BOOKMARK [1][-]{section.4.5}{\376\377\000K\036\277\000t\000\040\000l\000u\036\255\000n\000\040\000c\000h\001\260\001\241\000n\000g}{chapter.4}% 30
\BOOKMARK [0][-]{chapter.5}{\376\377\000K\036\276\000T\000\040\000L\000U\036\254\000N\000\040\000V\000\300\000\040\000H\001\257\036\332\000N\000G\000\040\000P\000H\000\301\000T\000\040\000T\000R\000I\036\302\000N}{}% 31
\BOOKMARK [1][-]{section.5.1}{\376\377\000K\036\277\000t\000\040\000l\000u\036\255\000n}{chapter.5}% 32
\BOOKMARK [1][-]{section.5.2}{\376\377\000H\036\241\000n\000\040\000c\000h\036\277}{chapter.5}% 33
\BOOKMARK [1][-]{section.5.3}{\376\377\000H\001\260\036\333\000n\000g\000\040\000p\000h\000\341\000t\000\040\000t\000r\000i\036\303\000n}{chapter.5}% 34
\BOOKMARK [0][-]{section*.25}{\376\377\000T\000\300\000I\000\040\000L\000I\036\306\000U\000\040\000T\000H\000A\000M\000\040\000K\000H\036\242\000O}{}% 35
\BOOKMARK [0][-]{section*.26}{\376\377\000P\000H\036\344\000\040\000L\036\344\000C}{}% 36
\BOOKMARK [0][-]{appendix.1.A}{\376\377\001\020\036\266\000C\000\040\000T\036\242\000\040\000U\000S\000E\000\040\000C\000A\000S\000E}{}% 37
\BOOKMARK [1][-]{section.1.A.1}{\376\377\001\020\036\267\000c\000\040\000t\036\243\000\040\000u\000s\000e\000\040\000c\000a\000s\000e\000\040\000`\000`\000T\000h\036\321\000n\000g\000\040\000k\000\352\000\040\000t\000\354\000n\000h\000\040\000h\000\354\000n\000h\000\040\000m\001\260\036\343\000n\000\040\000s\000\341\000c\000h\000'\000'}{appendix.1.A}% 38
\BOOKMARK [1][-]{section.1.A.2}{\376\377\001\020\036\267\000c\000\040\000t\036\243\000\040\000u\000s\000e\000\040\000c\000a\000s\000e\000\040\000`\000`\001\020\001\003\000n\000g\000\040\000k\000\375\000\040\000l\000\340\000m\000\040\000t\000h\036\273\000\040\000m\001\260\036\343\000n\000'\000'}{appendix.1.A}% 39
